------------------------------------------------------------
Timing Analyzer Summary
------------------------------------------------------------

Type  : Slow 1200mV 85C Model Setup 'ADC_CLK_10'
Slack : -0.718
TNS   : -0.718

Type  : Slow 1200mV 85C Model Hold 'ADC_CLK_10'
Slack : 0.527
TNS   : 0.000

Type  : Slow 1200mV 85C Model Minimum Pulse Width 'ADC_CLK_10'
Slack : -3.000
TNS   : -4.403

Type  : Slow 1200mV 85C Model Minimum Pulse Width 'Prescaler:pres|count[0]'
Slack : -1.403
TNS   : -15.433

Type  : Slow 1200mV 0C Model Setup 'ADC_CLK_10'
Slack : -0.514
TNS   : -0.514

Type  : Slow 1200mV 0C Model Hold 'ADC_CLK_10'
Slack : 0.381
TNS   : 0.000

Type  : Slow 1200mV 0C Model Minimum Pulse Width 'ADC_CLK_10'
Slack : -3.000
TNS   : -4.403

Type  : Slow 1200mV 0C Model Minimum Pulse Width 'Prescaler:pres|count[0]'
Slack : -1.403
TNS   : -15.433

Type  : Fast 1200mV 0C Model Setup 'ADC_CLK_10'
Slack : -0.263
TNS   : -0.263

Type  : Fast 1200mV 0C Model Hold 'ADC_CLK_10'
Slack : 0.438
TNS   : 0.000

Type  : Fast 1200mV 0C Model Minimum Pulse Width 'ADC_CLK_10'
Slack : -3.000
TNS   : -4.341

Type  : Fast 1200mV 0C Model Minimum Pulse Width 'Prescaler:pres|count[0]'
Slack : -1.000
TNS   : -11.000

------------------------------------------------------------
