Analysis & Synthesis report for Simple-8bit-CPU-Verilog
Tue Feb  2 21:12:48 2021
Quartus Prime Version 20.1.1 Build 720 11/11/2020 SJ Lite Edition


---------------------
; Table of Contents ;
---------------------
  1. Legal Notice
  2. Analysis & Synthesis Summary
  3. Analysis & Synthesis Settings
  4. Parallel Compilation
  5. Analysis & Synthesis Source Files Read
  6. Analysis & Synthesis Resource Usage Summary
  7. Analysis & Synthesis Resource Utilization by Entity
  8. Registers Removed During Synthesis
  9. Removed Registers Triggering Further Register Optimizations
 10. General Register Statistics
 11. Parameter Settings for User Entity Instance: Prescaler:pres
 12. Port Connectivity Checks: "Multiplexor:muxD"
 13. Port Connectivity Checks: "Demultiplexor:Demux"
 14. Port Connectivity Checks: "Multiplexor:muxB"
 15. Port Connectivity Checks: "Multiplexor:muxA"
 16. Port Connectivity Checks: "ROMemory:rom"
 17. Port Connectivity Checks: "Shifter:shft"
 18. Post-Synthesis Netlist Statistics for Top Partition
 19. Elapsed Time Per Partition
 20. Analysis & Synthesis Messages
 21. Analysis & Synthesis Suppressed Messages



----------------
; Legal Notice ;
----------------
Copyright (C) 2020  Intel Corporation. All rights reserved.
Your use of Intel Corporation's design tools, logic functions 
and other software and tools, and any partner logic 
functions, and any output files from any of the foregoing 
(including device programming or simulation files), and any 
associated documentation or information are expressly subject 
to the terms and conditions of the Intel Program License 
Subscription Agreement, the Intel Quartus Prime License Agreement,
the Intel FPGA IP License Agreement, or other applicable license
agreement, including, without limitation, that your use is for
the sole purpose of programming logic devices manufactured by
Intel and sold by Intel or its authorized distributors.  Please
refer to the applicable agreement for further details, at
https://fpgasoftware.intel.com/eula.



+----------------------------------------------------------------------------------+
; Analysis & Synthesis Summary                                                     ;
+------------------------------------+---------------------------------------------+
; Analysis & Synthesis Status        ; Successful - Tue Feb  2 21:12:48 2021       ;
; Quartus Prime Version              ; 20.1.1 Build 720 11/11/2020 SJ Lite Edition ;
; Revision Name                      ; Simple-8bit-CPU-Verilog                     ;
; Top-level Entity Name              ; DE10_LITE_Golden_Top                        ;
; Family                             ; MAX 10                                      ;
; Total logic elements               ; 3,813                                       ;
;     Total combinational functions  ; 1,765                                       ;
;     Dedicated logic registers      ; 2,077                                       ;
; Total registers                    ; 2077                                        ;
; Total pins                         ; 108                                         ;
; Total virtual pins                 ; 0                                           ;
; Total memory bits                  ; 0                                           ;
; Embedded Multiplier 9-bit elements ; 0                                           ;
; Total PLLs                         ; 0                                           ;
; UFM blocks                         ; 0                                           ;
; ADC blocks                         ; 0                                           ;
+------------------------------------+---------------------------------------------+


+-------------------------------------------------------------------------------------------------------------------+
; Analysis & Synthesis Settings                                                                                     ;
+------------------------------------------------------------------+----------------------+-------------------------+
; Option                                                           ; Setting              ; Default Value           ;
+------------------------------------------------------------------+----------------------+-------------------------+
; Device                                                           ; 10M50DAF484C7G       ;                         ;
; Top-level entity name                                            ; DE10_LITE_Golden_Top ; Simple-8bit-CPU-Verilog ;
; Family name                                                      ; MAX 10               ; Cyclone V               ;
; Use smart compilation                                            ; Off                  ; Off                     ;
; Enable parallel Assembler and Timing Analyzer during compilation ; On                   ; On                      ;
; Enable compact report table                                      ; Off                  ; Off                     ;
; Restructure Multiplexers                                         ; Auto                 ; Auto                    ;
; Create Debugging Nodes for IP Cores                              ; Off                  ; Off                     ;
; Preserve fewer node names                                        ; On                   ; On                      ;
; Intel FPGA IP Evaluation Mode                                    ; Enable               ; Enable                  ;
; Verilog Version                                                  ; Verilog_2001         ; Verilog_2001            ;
; VHDL Version                                                     ; VHDL_1993            ; VHDL_1993               ;
; State Machine Processing                                         ; Auto                 ; Auto                    ;
; Safe State Machine                                               ; Off                  ; Off                     ;
; Extract Verilog State Machines                                   ; On                   ; On                      ;
; Extract VHDL State Machines                                      ; On                   ; On                      ;
; Ignore Verilog initial constructs                                ; Off                  ; Off                     ;
; Iteration limit for constant Verilog loops                       ; 5000                 ; 5000                    ;
; Iteration limit for non-constant Verilog loops                   ; 250                  ; 250                     ;
; Add Pass-Through Logic to Inferred RAMs                          ; On                   ; On                      ;
; Infer RAMs from Raw Logic                                        ; On                   ; On                      ;
; Parallel Synthesis                                               ; On                   ; On                      ;
; DSP Block Balancing                                              ; Auto                 ; Auto                    ;
; NOT Gate Push-Back                                               ; On                   ; On                      ;
; Power-Up Don't Care                                              ; On                   ; On                      ;
; Remove Redundant Logic Cells                                     ; Off                  ; Off                     ;
; Remove Duplicate Registers                                       ; On                   ; On                      ;
; Ignore CARRY Buffers                                             ; Off                  ; Off                     ;
; Ignore CASCADE Buffers                                           ; Off                  ; Off                     ;
; Ignore GLOBAL Buffers                                            ; Off                  ; Off                     ;
; Ignore ROW GLOBAL Buffers                                        ; Off                  ; Off                     ;
; Ignore LCELL Buffers                                             ; Off                  ; Off                     ;
; Ignore SOFT Buffers                                              ; On                   ; On                      ;
; Limit AHDL Integers to 32 Bits                                   ; Off                  ; Off                     ;
; Optimization Technique                                           ; Balanced             ; Balanced                ;
; Carry Chain Length                                               ; 70                   ; 70                      ;
; Auto Carry Chains                                                ; On                   ; On                      ;
; Auto Open-Drain Pins                                             ; On                   ; On                      ;
; Perform WYSIWYG Primitive Resynthesis                            ; Off                  ; Off                     ;
; Auto ROM Replacement                                             ; On                   ; On                      ;
; Auto RAM Replacement                                             ; On                   ; On                      ;
; Auto DSP Block Replacement                                       ; On                   ; On                      ;
; Auto Shift Register Replacement                                  ; Auto                 ; Auto                    ;
; Allow Shift Register Merging across Hierarchies                  ; Auto                 ; Auto                    ;
; Auto Clock Enable Replacement                                    ; On                   ; On                      ;
; Strict RAM Replacement                                           ; Off                  ; Off                     ;
; Allow Synchronous Control Signals                                ; On                   ; On                      ;
; Force Use of Synchronous Clear Signals                           ; Off                  ; Off                     ;
; Auto RAM Block Balancing                                         ; On                   ; On                      ;
; Auto RAM to Logic Cell Conversion                                ; Off                  ; Off                     ;
; Auto Resource Sharing                                            ; Off                  ; Off                     ;
; Allow Any RAM Size For Recognition                               ; Off                  ; Off                     ;
; Allow Any ROM Size For Recognition                               ; Off                  ; Off                     ;
; Allow Any Shift Register Size For Recognition                    ; Off                  ; Off                     ;
; Use LogicLock Constraints during Resource Balancing              ; On                   ; On                      ;
; Ignore translate_off and synthesis_off directives                ; Off                  ; Off                     ;
; Timing-Driven Synthesis                                          ; On                   ; On                      ;
; Report Parameter Settings                                        ; On                   ; On                      ;
; Report Source Assignments                                        ; On                   ; On                      ;
; Report Connectivity Checks                                       ; On                   ; On                      ;
; Ignore Maximum Fan-Out Assignments                               ; Off                  ; Off                     ;
; Synchronization Register Chain Length                            ; 2                    ; 2                       ;
; Power Optimization During Synthesis                              ; Normal compilation   ; Normal compilation      ;
; HDL message level                                                ; Level2               ; Level2                  ;
; Suppress Register Optimization Related Messages                  ; Off                  ; Off                     ;
; Number of Removed Registers Reported in Synthesis Report         ; 5000                 ; 5000                    ;
; Number of Swept Nodes Reported in Synthesis Report               ; 5000                 ; 5000                    ;
; Number of Inverted Registers Reported in Synthesis Report        ; 100                  ; 100                     ;
; Clock MUX Protection                                             ; On                   ; On                      ;
; Auto Gated Clock Conversion                                      ; Off                  ; Off                     ;
; Block Design Naming                                              ; Auto                 ; Auto                    ;
; SDC constraint protection                                        ; Off                  ; Off                     ;
; Synthesis Effort                                                 ; Auto                 ; Auto                    ;
; Shift Register Replacement - Allow Asynchronous Clear Signal     ; On                   ; On                      ;
; Pre-Mapping Resynthesis Optimization                             ; Off                  ; Off                     ;
; Analysis & Synthesis Message Level                               ; Medium               ; Medium                  ;
; Disable Register Merging Across Hierarchies                      ; Auto                 ; Auto                    ;
; Resource Aware Inference For Block RAM                           ; On                   ; On                      ;
+------------------------------------------------------------------+----------------------+-------------------------+


+------------------------------------------+
; Parallel Compilation                     ;
+----------------------------+-------------+
; Processors                 ; Number      ;
+----------------------------+-------------+
; Number detected on machine ; 16          ;
; Maximum allowed            ; 16          ;
;                            ;             ;
; Average used               ; 1.01        ;
; Maximum used               ; 16          ;
;                            ;             ;
; Usage by Processor         ; % Time Used ;
;     Processor 1            ; 100.0%      ;
;     Processor 2            ;   0.1%      ;
;     Processor 3            ;   0.1%      ;
;     Processor 4            ;   0.1%      ;
;     Processor 5            ;   0.1%      ;
;     Processor 6            ;   0.1%      ;
;     Processor 7            ;   0.0%      ;
;     Processor 8            ;   0.0%      ;
;     Processors 9-16        ;   0.0%      ;
+----------------------------+-------------+


+-----------------------------------------------------------------------------------------------------------------------------------------------------------------+
; Analysis & Synthesis Source Files Read                                                                                                                          ;
+----------------------------------+-----------------+------------------------------+-------------------------------------------------------------------+---------+
; File Name with User-Entered Path ; Used in Netlist ; File Type                    ; File Name with Absolute Path                                      ; Library ;
+----------------------------------+-----------------+------------------------------+-------------------------------------------------------------------+---------+
; Demultiplexor.v                  ; yes             ; User Verilog HDL File        ; /home/vic/Projects/Simple-8bit-CPU-Verilog/Demultiplexor.v        ;         ;
; Multiplexor.v                    ; yes             ; User Verilog HDL File        ; /home/vic/Projects/Simple-8bit-CPU-Verilog/Multiplexor.v          ;         ;
; ROMemory.v                       ; yes             ; User Verilog HDL File        ; /home/vic/Projects/Simple-8bit-CPU-Verilog/ROMemory.v             ;         ;
; Register.v                       ; yes             ; User Verilog HDL File        ; /home/vic/Projects/Simple-8bit-CPU-Verilog/Register.v             ;         ;
; RAMemory.v                       ; yes             ; User Verilog HDL File        ; /home/vic/Projects/Simple-8bit-CPU-Verilog/RAMemory.v             ;         ;
; ALU.v                            ; yes             ; User Verilog HDL File        ; /home/vic/Projects/Simple-8bit-CPU-Verilog/ALU.v                  ;         ;
; DE10_LITE_Golden_Top.v           ; yes             ; User Verilog HDL File        ; /home/vic/Projects/Simple-8bit-CPU-Verilog/DE10_LITE_Golden_Top.v ;         ;
; SevSegController.v               ; yes             ; User Verilog HDL File        ; /home/vic/Projects/Simple-8bit-CPU-Verilog/SevSegController.v     ;         ;
; Prescaler.v                      ; yes             ; User Verilog HDL File        ; /home/vic/Projects/Simple-8bit-CPU-Verilog/Prescaler.v            ;         ;
; Counter.v                        ; yes             ; User Verilog HDL File        ; /home/vic/Projects/Simple-8bit-CPU-Verilog/Counter.v              ;         ;
; Shifter.v                        ; yes             ; User Verilog HDL File        ; /home/vic/Projects/Simple-8bit-CPU-Verilog/Shifter.v              ;         ;
; ROM.mem                          ; yes             ; Auto-Found Unspecified File  ; /home/vic/Projects/Simple-8bit-CPU-Verilog/ROM.mem                ;         ;
+----------------------------------+-----------------+------------------------------+-------------------------------------------------------------------+---------+


+-----------------------------------------------------------------------+
; Analysis & Synthesis Resource Usage Summary                           ;
+---------------------------------------------+-------------------------+
; Resource                                    ; Usage                   ;
+---------------------------------------------+-------------------------+
; Estimated Total logic elements              ; 3,813                   ;
;                                             ;                         ;
; Total combinational functions               ; 1765                    ;
; Logic element usage by number of LUT inputs ;                         ;
;     -- 4 input functions                    ; 1477                    ;
;     -- 3 input functions                    ; 262                     ;
;     -- <=2 input functions                  ; 26                      ;
;                                             ;                         ;
; Logic elements by mode                      ;                         ;
;     -- normal mode                          ; 1765                    ;
;     -- arithmetic mode                      ; 0                       ;
;                                             ;                         ;
; Total registers                             ; 2077                    ;
;     -- Dedicated logic registers            ; 2077                    ;
;     -- I/O registers                        ; 0                       ;
;                                             ;                         ;
; I/O pins                                    ; 108                     ;
;                                             ;                         ;
; Embedded Multiplier 9-bit elements          ; 0                       ;
;                                             ;                         ;
; Maximum fan-out node                        ; Prescaler:pres|count[0] ;
; Maximum fan-out                             ; 2079                    ;
; Total fan-out                               ; 13159                   ;
; Average fan-out                             ; 3.21                    ;
+---------------------------------------------+-------------------------+


+---------------------------------------------------------------------------------------------------------------------------------------------------------------------------------------------------------------------------------------------------------------------+
; Analysis & Synthesis Resource Utilization by Entity                                                                                                                                                                                                                 ;
+----------------------------+---------------------+---------------------------+-------------+------------+--------------+---------+-----------+------+--------------+------------+---------------------------------------------+----------------------+--------------+
; Compilation Hierarchy Node ; Combinational ALUTs ; Dedicated Logic Registers ; Memory Bits ; UFM Blocks ; DSP Elements ; DSP 9x9 ; DSP 18x18 ; Pins ; Virtual Pins ; ADC blocks ; Full Hierarchy Name                         ; Entity Name          ; Library Name ;
+----------------------------+---------------------+---------------------------+-------------+------------+--------------+---------+-----------+------+--------------+------------+---------------------------------------------+----------------------+--------------+
; |DE10_LITE_Golden_Top      ; 1765 (0)            ; 2077 (8)                  ; 0           ; 0          ; 0            ; 0       ; 0         ; 108  ; 0            ; 0          ; |DE10_LITE_Golden_Top                       ; DE10_LITE_Golden_Top ; work         ;
;    |Counter:cont|          ; 4 (4)               ; 4 (4)                     ; 0           ; 0          ; 0            ; 0       ; 0         ; 0    ; 0            ; 0          ; |DE10_LITE_Golden_Top|Counter:cont          ; Counter              ; work         ;
;    |Demultiplexor:Demux|   ; 8 (8)               ; 0 (0)                     ; 0           ; 0          ; 0            ; 0       ; 0         ; 0    ; 0            ; 0          ; |DE10_LITE_Golden_Top|Demultiplexor:Demux   ; Demultiplexor        ; work         ;
;    |Multiplexor:muxB|      ; 8 (8)               ; 0 (0)                     ; 0           ; 0          ; 0            ; 0       ; 0         ; 0    ; 0            ; 0          ; |DE10_LITE_Golden_Top|Multiplexor:muxB      ; Multiplexor          ; work         ;
;    |Multiplexor:muxD|      ; 8 (8)               ; 0 (0)                     ; 0           ; 0          ; 0            ; 0       ; 0         ; 0    ; 0            ; 0          ; |DE10_LITE_Golden_Top|Multiplexor:muxD      ; Multiplexor          ; work         ;
;    |Prescaler:pres|        ; 1 (1)               ; 1 (1)                     ; 0           ; 0          ; 0            ; 0       ; 0         ; 0    ; 0            ; 0          ; |DE10_LITE_Golden_Top|Prescaler:pres        ; Prescaler            ; work         ;
;    |RAMemory:ram|          ; 1682 (1682)         ; 2048 (2048)               ; 0           ; 0          ; 0            ; 0       ; 0         ; 0    ; 0            ; 0          ; |DE10_LITE_Golden_Top|RAMemory:ram          ; RAMemory             ; work         ;
;    |ROMemory:rom|          ; 5 (5)               ; 0 (0)                     ; 0           ; 0          ; 0            ; 0       ; 0         ; 0    ; 0            ; 0          ; |DE10_LITE_Golden_Top|ROMemory:rom          ; ROMemory             ; work         ;
;    |Register:regY|         ; 0 (0)               ; 8 (8)                     ; 0           ; 0          ; 0            ; 0       ; 0         ; 0    ; 0            ; 0          ; |DE10_LITE_Golden_Top|Register:regY         ; Register             ; work         ;
;    |SevSegController:ssc0| ; 7 (7)               ; 0 (0)                     ; 0           ; 0          ; 0            ; 0       ; 0         ; 0    ; 0            ; 0          ; |DE10_LITE_Golden_Top|SevSegController:ssc0 ; SevSegController     ; work         ;
;    |SevSegController:ssc1| ; 6 (6)               ; 0 (0)                     ; 0           ; 0          ; 0            ; 0       ; 0         ; 0    ; 0            ; 0          ; |DE10_LITE_Golden_Top|SevSegController:ssc1 ; SevSegController     ; work         ;
;    |SevSegController:ssc2| ; 10 (10)             ; 0 (0)                     ; 0           ; 0          ; 0            ; 0       ; 0         ; 0    ; 0            ; 0          ; |DE10_LITE_Golden_Top|SevSegController:ssc2 ; SevSegController     ; work         ;
;    |SevSegController:ssc3| ; 10 (10)             ; 0 (0)                     ; 0           ; 0          ; 0            ; 0       ; 0         ; 0    ; 0            ; 0          ; |DE10_LITE_Golden_Top|SevSegController:ssc3 ; SevSegController     ; work         ;
;    |SevSegController:ssc4| ; 7 (7)               ; 0 (0)                     ; 0           ; 0          ; 0            ; 0       ; 0         ; 0    ; 0            ; 0          ; |DE10_LITE_Golden_Top|SevSegController:ssc4 ; SevSegController     ; work         ;
;    |SevSegController:ssc5| ; 7 (7)               ; 0 (0)                     ; 0           ; 0          ; 0            ; 0       ; 0         ; 0    ; 0            ; 0          ; |DE10_LITE_Golden_Top|SevSegController:ssc5 ; SevSegController     ; work         ;
;    |Shifter:shft|          ; 2 (2)               ; 8 (8)                     ; 0           ; 0          ; 0            ; 0       ; 0         ; 0    ; 0            ; 0          ; |DE10_LITE_Golden_Top|Shifter:shft          ; Shifter              ; work         ;
+----------------------------+---------------------+---------------------------+-------------+------------+--------------+---------+-----------+------+--------------+------------+---------------------------------------------+----------------------+--------------+
Note: For table entries with two numbers listed, the numbers in parentheses indicate the number of resources of the given type used by the specific entity alone. The numbers listed outside of parentheses indicate the total resources of the given type used by the specific entity and all of its sub-entities in the hierarchy.


+--------------------------------------------------------------------------------------+
; Registers Removed During Synthesis                                                   ;
+----------------------------------------+---------------------------------------------+
; Register name                          ; Reason for Removal                          ;
+----------------------------------------+---------------------------------------------+
; ucMuxA                                 ; Stuck at GND due to stuck port data_in      ;
; ucMuxB                                 ; Merged with ucDex                           ;
; ucRam                                  ; Merged with ucDex                           ;
; ucA                                    ; Stuck at GND due to stuck port data_in      ;
; ucB                                    ; Stuck at GND due to stuck port data_in      ;
; ucALU                                  ; Stuck at GND due to stuck port data_in      ;
; Register:regB|register[0..7]           ; Stuck at GND due to stuck port clock_enable ;
; Register:regA|register[0]              ; Stuck at GND due to stuck port clock_enable ;
; Register:regZ|register[0]              ; Lost fanout                                 ;
; Register:regA|register[1]              ; Stuck at GND due to stuck port clock_enable ;
; Register:regZ|register[1]              ; Lost fanout                                 ;
; Register:regA|register[2]              ; Stuck at GND due to stuck port clock_enable ;
; Register:regZ|register[2]              ; Lost fanout                                 ;
; Register:regA|register[3]              ; Stuck at GND due to stuck port clock_enable ;
; Register:regZ|register[3]              ; Lost fanout                                 ;
; Register:regA|register[4]              ; Stuck at GND due to stuck port clock_enable ;
; Register:regZ|register[4]              ; Lost fanout                                 ;
; Register:regA|register[5]              ; Stuck at GND due to stuck port clock_enable ;
; Register:regZ|register[5]              ; Lost fanout                                 ;
; Register:regA|register[6]              ; Stuck at GND due to stuck port clock_enable ;
; Register:regZ|register[6]              ; Lost fanout                                 ;
; Register:regA|register[7]              ; Stuck at GND due to stuck port clock_enable ;
; Register:regZ|register[7]              ; Lost fanout                                 ;
; ucZ                                    ; Lost fanout                                 ;
; ALU:alu|regTmp[0..7]                   ; Stuck at GND due to stuck port data_in      ;
; Register:regR|register[0..7]           ; Stuck at GND due to stuck port data_in      ;
; ucR                                    ; Stuck at GND due to stuck port data_in      ;
; Total Number of Removed Registers = 48 ;                                             ;
+----------------------------------------+---------------------------------------------+


+------------------------------------------------------------------------------------------------------------------------------+
; Removed Registers Triggering Further Register Optimizations                                                                  ;
+---------------+---------------------------+----------------------------------------------------------------------------------+
; Register name ; Reason for Removal        ; Registers Removed due to This Register                                           ;
+---------------+---------------------------+----------------------------------------------------------------------------------+
; ucB           ; Stuck at GND              ; Register:regB|register[0], Register:regB|register[1], Register:regB|register[2], ;
;               ; due to stuck port data_in ; Register:regB|register[3], Register:regB|register[4], Register:regB|register[5], ;
;               ;                           ; Register:regB|register[6], Register:regB|register[7], Register:regZ|register[0], ;
;               ;                           ; Register:regZ|register[1], Register:regZ|register[2], Register:regZ|register[3], ;
;               ;                           ; Register:regZ|register[4], Register:regZ|register[5], Register:regZ|register[6], ;
;               ;                           ; Register:regZ|register[7], ucZ                                                   ;
; ucALU         ; Stuck at GND              ; ALU:alu|regTmp[7], ALU:alu|regTmp[6], ALU:alu|regTmp[5], ALU:alu|regTmp[4],      ;
;               ; due to stuck port data_in ; ALU:alu|regTmp[3], ALU:alu|regTmp[2], ALU:alu|regTmp[1], ALU:alu|regTmp[0],      ;
;               ;                           ; Register:regR|register[7], Register:regR|register[6], Register:regR|register[5], ;
;               ;                           ; Register:regR|register[4], Register:regR|register[3], Register:regR|register[2], ;
;               ;                           ; Register:regR|register[1], Register:regR|register[0]                             ;
; ucA           ; Stuck at GND              ; Register:regA|register[0], Register:regA|register[1], Register:regA|register[2], ;
;               ; due to stuck port data_in ; Register:regA|register[3], Register:regA|register[4], Register:regA|register[5], ;
;               ;                           ; Register:regA|register[6], Register:regA|register[7]                             ;
+---------------+---------------------------+----------------------------------------------------------------------------------+


+------------------------------------------------------+
; General Register Statistics                          ;
+----------------------------------------------+-------+
; Statistic                                    ; Value ;
+----------------------------------------------+-------+
; Total registers                              ; 2077  ;
; Number of registers using Synchronous Clear  ; 0     ;
; Number of registers using Synchronous Load   ; 0     ;
; Number of registers using Asynchronous Clear ; 0     ;
; Number of registers using Asynchronous Load  ; 0     ;
; Number of registers using Clock Enable       ; 2064  ;
; Number of registers using Preset             ; 0     ;
+----------------------------------------------+-------+


+-------------------------------------------------------------+
; Parameter Settings for User Entity Instance: Prescaler:pres ;
+----------------+-------+------------------------------------+
; Parameter Name ; Value ; Type                               ;
+----------------+-------+------------------------------------+
; N              ; 1     ; Signed Integer                     ;
+----------------+-------+------------------------------------+
Note: In order to hide this table in the UI and the text report file, please set the "Show Parameter Settings in Synthesis Report" option in "Analysis and Synthesis Settings -> More Settings" to "Off".


+-------------------------------------------------------------------------------------------------------------------------------------------------------------------------------+
; Port Connectivity Checks: "Multiplexor:muxD"                                                                                                                                  ;
+---------+--------+----------+-------------------------------------------------------------------------------------------------------------------------------------------------+
; Port    ; Type   ; Severity ; Details                                                                                                                                         ;
+---------+--------+----------+-------------------------------------------------------------------------------------------------------------------------------------------------+
; dataINA ; Input  ; Warning  ; Input port expression (8 bits) is smaller than the input port (9 bits) it drives.  Extra input bit(s) "dataINA[8..8]" will be connected to GND. ;
; dataINB ; Input  ; Warning  ; Input port expression (8 bits) is smaller than the input port (9 bits) it drives.  Extra input bit(s) "dataINB[8..8]" will be connected to GND. ;
; dataOUT ; Output ; Warning  ; Output or bidir port (9 bits) is wider than the port expression (8 bits) it drives; bit(s) "dataOUT[8..8]" have no fanouts                      ;
+---------+--------+----------+-------------------------------------------------------------------------------------------------------------------------------------------------+


+-------------------------------------------------------------------------------------------------------------------------------------------------------------------------------+
; Port Connectivity Checks: "Demultiplexor:Demux"                                                                                                                               ;
+----------+--------+----------+------------------------------------------------------------------------------------------------------------------------------------------------+
; Port     ; Type   ; Severity ; Details                                                                                                                                        ;
+----------+--------+----------+------------------------------------------------------------------------------------------------------------------------------------------------+
; dataIN   ; Input  ; Warning  ; Input port expression (8 bits) is smaller than the input port (9 bits) it drives.  Extra input bit(s) "dataIN[8..8]" will be connected to GND. ;
; dataOUTA ; Output ; Warning  ; Output or bidir port (9 bits) is wider than the port expression (8 bits) it drives; bit(s) "dataOUTA[8..8]" have no fanouts                    ;
; dataOUTB ; Output ; Warning  ; Output or bidir port (9 bits) is wider than the port expression (8 bits) it drives; bit(s) "dataOUTB[8..8]" have no fanouts                    ;
+----------+--------+----------+------------------------------------------------------------------------------------------------------------------------------------------------+


+-------------------------------------------------------------------------------------------------------------------------------------------------------------------------------+
; Port Connectivity Checks: "Multiplexor:muxB"                                                                                                                                  ;
+---------+--------+----------+-------------------------------------------------------------------------------------------------------------------------------------------------+
; Port    ; Type   ; Severity ; Details                                                                                                                                         ;
+---------+--------+----------+-------------------------------------------------------------------------------------------------------------------------------------------------+
; dataINA ; Input  ; Warning  ; Input port expression (8 bits) is smaller than the input port (9 bits) it drives.  Extra input bit(s) "dataINA[8..8]" will be connected to GND. ;
; dataINB ; Input  ; Warning  ; Input port expression (8 bits) is smaller than the input port (9 bits) it drives.  Extra input bit(s) "dataINB[8..8]" will be connected to GND. ;
; dataOUT ; Output ; Warning  ; Output or bidir port (9 bits) is wider than the port expression (8 bits) it drives; bit(s) "dataOUT[8..8]" have no fanouts                      ;
+---------+--------+----------+-------------------------------------------------------------------------------------------------------------------------------------------------+


+-------------------------------------------------------------------------------------------------------------------------------------------------------------------------------+
; Port Connectivity Checks: "Multiplexor:muxA"                                                                                                                                  ;
+---------+--------+----------+-------------------------------------------------------------------------------------------------------------------------------------------------+
; Port    ; Type   ; Severity ; Details                                                                                                                                         ;
+---------+--------+----------+-------------------------------------------------------------------------------------------------------------------------------------------------+
; dataINA ; Input  ; Warning  ; Input port expression (8 bits) is smaller than the input port (9 bits) it drives.  Extra input bit(s) "dataINA[8..8]" will be connected to GND. ;
; dataINB ; Input  ; Warning  ; Input port expression (8 bits) is smaller than the input port (9 bits) it drives.  Extra input bit(s) "dataINB[8..8]" will be connected to GND. ;
; dataOUT ; Output ; Warning  ; Output or bidir port (9 bits) is wider than the port expression (8 bits) it drives; bit(s) "dataOUT[8..8]" have no fanouts                      ;
+---------+--------+----------+-------------------------------------------------------------------------------------------------------------------------------------------------+


+------------------------------------------------------------------------------------------------------------------------------------------------------------------------+
; Port Connectivity Checks: "ROMemory:rom"                                                                                                                               ;
+------+-------+----------+----------------------------------------------------------------------------------------------------------------------------------------------+
; Port ; Type  ; Severity ; Details                                                                                                                                      ;
+------+-------+----------+----------------------------------------------------------------------------------------------------------------------------------------------+
; addr ; Input ; Warning  ; Input port expression (4 bits) is smaller than the input port (8 bits) it drives.  Extra input bit(s) "addr[7..4]" will be connected to GND. ;
+------+-------+----------+----------------------------------------------------------------------------------------------------------------------------------------------+


+---------------------------------------------------------------------------------------------------------------------------------------------------------------------------------------------------------------+
; Port Connectivity Checks: "Shifter:shft"                                                                                                                                                                      ;
+--------+--------+----------+----------------------------------------------------------------------------------------------------------------------------------------------------------------------------------+
; Port   ; Type   ; Severity ; Details                                                                                                                                                                          ;
+--------+--------+----------+----------------------------------------------------------------------------------------------------------------------------------------------------------------------------------+
; dataIN ; Input  ; Warning  ; Input port expression (5 bits) is wider than the input port (4 bits) it drives.  The 1 most-significant bit(s) in the expression will be dangling if they have no other fanouts. ;
; debug  ; Output ; Warning  ; Declared by entity but not connected by instance. Logic that only feeds a dangling port will be removed.                                                                         ;
+--------+--------+----------+----------------------------------------------------------------------------------------------------------------------------------------------------------------------------------+


+-----------------------------------------------------+
; Post-Synthesis Netlist Statistics for Top Partition ;
+-----------------------+-----------------------------+
; Type                  ; Count                       ;
+-----------------------+-----------------------------+
; boundary_port         ; 108                         ;
; cycloneiii_ff         ; 2077                        ;
;     ENA               ; 2064                        ;
;     plain             ; 13                          ;
; cycloneiii_io_obuf    ; 36                          ;
; cycloneiii_lcell_comb ; 1771                        ;
;     normal            ; 1771                        ;
;         0 data inputs ; 1                           ;
;         1 data inputs ; 7                           ;
;         2 data inputs ; 24                          ;
;         3 data inputs ; 262                         ;
;         4 data inputs ; 1477                        ;
;                       ;                             ;
; Max LUT depth         ; 10.00                       ;
; Average LUT depth     ; 7.10                        ;
+-----------------------+-----------------------------+


+-------------------------------+
; Elapsed Time Per Partition    ;
+----------------+--------------+
; Partition Name ; Elapsed Time ;
+----------------+--------------+
; Top            ; 00:00:01     ;
+----------------+--------------+


+-------------------------------+
; Analysis & Synthesis Messages ;
+-------------------------------+
Info: *******************************************************************
Info: Running Quartus Prime Analysis & Synthesis
    Info: Version 20.1.1 Build 720 11/11/2020 SJ Lite Edition
    Info: Processing started: Tue Feb  2 21:12:42 2021
Info: Command: quartus_map --read_settings_files=on --write_settings_files=off Simple-8bit-CPU-Verilog -c Simple-8bit-CPU-Verilog
Warning (18236): Number of processors has not been specified which may cause overloading on shared machines.  Set the global assignment NUM_PARALLEL_PROCESSORS in your QSF to an appropriate value for best performance.
Info (20030): Parallel compilation is enabled and will use 16 of the 16 processors detected
Info (12021): Found 1 design units, including 1 entities, in source file Demultiplexor.v
    Info (12023): Found entity 1: Demultiplexor File: /home/vic/Projects/Simple-8bit-CPU-Verilog/Demultiplexor.v Line: 6
Info (12021): Found 1 design units, including 1 entities, in source file Multiplexor.v
    Info (12023): Found entity 1: Multiplexor File: /home/vic/Projects/Simple-8bit-CPU-Verilog/Multiplexor.v Line: 6
Info (12021): Found 1 design units, including 1 entities, in source file ROMemory.v
    Info (12023): Found entity 1: ROMemory File: /home/vic/Projects/Simple-8bit-CPU-Verilog/ROMemory.v Line: 6
Info (12021): Found 1 design units, including 1 entities, in source file Register.v
    Info (12023): Found entity 1: Register File: /home/vic/Projects/Simple-8bit-CPU-Verilog/Register.v Line: 6
Info (12021): Found 1 design units, including 1 entities, in source file RAMemory.v
    Info (12023): Found entity 1: RAMemory File: /home/vic/Projects/Simple-8bit-CPU-Verilog/RAMemory.v Line: 6
Info (12021): Found 1 design units, including 1 entities, in source file ALU.v
    Info (12023): Found entity 1: ALU File: /home/vic/Projects/Simple-8bit-CPU-Verilog/ALU.v Line: 6
Info (12021): Found 1 design units, including 1 entities, in source file DE10_LITE_Golden_Top.v
    Info (12023): Found entity 1: DE10_LITE_Golden_Top File: /home/vic/Projects/Simple-8bit-CPU-Verilog/DE10_LITE_Golden_Top.v Line: 29
Info (12021): Found 1 design units, including 1 entities, in source file SevSegController.v
    Info (12023): Found entity 1: SevSegController File: /home/vic/Projects/Simple-8bit-CPU-Verilog/SevSegController.v Line: 6
Info (12021): Found 1 design units, including 1 entities, in source file Prescaler.v
    Info (12023): Found entity 1: Prescaler File: /home/vic/Projects/Simple-8bit-CPU-Verilog/Prescaler.v Line: 6
Info (12021): Found 1 design units, including 1 entities, in source file Counter.v
    Info (12023): Found entity 1: Counter File: /home/vic/Projects/Simple-8bit-CPU-Verilog/Counter.v Line: 6
Info (12021): Found 1 design units, including 1 entities, in source file Shifter.v
    Info (12023): Found entity 1: Shifter File: /home/vic/Projects/Simple-8bit-CPU-Verilog/Shifter.v Line: 6
Info (12127): Elaborating entity "DE10_LITE_Golden_Top" for the top level hierarchy
Warning (10272): Verilog HDL Case Statement warning at DE10_LITE_Golden_Top.v(423): case item expression covers a value already covered by a previous case item File: /home/vic/Projects/Simple-8bit-CPU-Verilog/DE10_LITE_Golden_Top.v Line: 423
Info (12128): Elaborating entity "Prescaler" for hierarchy "Prescaler:pres" File: /home/vic/Projects/Simple-8bit-CPU-Verilog/DE10_LITE_Golden_Top.v Line: 143
Warning (10230): Verilog HDL assignment warning at Prescaler.v(13): truncated value with size 32 to match size of target (1) File: /home/vic/Projects/Simple-8bit-CPU-Verilog/Prescaler.v Line: 13
Info (12128): Elaborating entity "SevSegController" for hierarchy "SevSegController:ssc0" File: /home/vic/Projects/Simple-8bit-CPU-Verilog/DE10_LITE_Golden_Top.v Line: 145
Info (12128): Elaborating entity "Register" for hierarchy "Register:regA" File: /home/vic/Projects/Simple-8bit-CPU-Verilog/DE10_LITE_Golden_Top.v Line: 206
Info (12128): Elaborating entity "Shifter" for hierarchy "Shifter:shft" File: /home/vic/Projects/Simple-8bit-CPU-Verilog/DE10_LITE_Golden_Top.v Line: 212
Warning (10034): Output port "debug" at Shifter.v(6) has no driver File: /home/vic/Projects/Simple-8bit-CPU-Verilog/Shifter.v Line: 6
Info (12128): Elaborating entity "Counter" for hierarchy "Counter:cont" File: /home/vic/Projects/Simple-8bit-CPU-Verilog/DE10_LITE_Golden_Top.v Line: 214
Warning (10230): Verilog HDL assignment warning at Counter.v(13): truncated value with size 32 to match size of target (4) File: /home/vic/Projects/Simple-8bit-CPU-Verilog/Counter.v Line: 13
Info (12128): Elaborating entity "ROMemory" for hierarchy "ROMemory:rom" File: /home/vic/Projects/Simple-8bit-CPU-Verilog/DE10_LITE_Golden_Top.v Line: 215
Warning (10850): Verilog HDL warning at ROMemory.v(13): number of words (16) in memory file does not match the number of elements in the address range [0:16] File: /home/vic/Projects/Simple-8bit-CPU-Verilog/ROMemory.v Line: 13
Warning (10030): Net "memory.data_a" at ROMemory.v(8) has no driver or initial value, using a default initial value '0' File: /home/vic/Projects/Simple-8bit-CPU-Verilog/ROMemory.v Line: 8
Warning (10030): Net "memory.waddr_a" at ROMemory.v(8) has no driver or initial value, using a default initial value '0' File: /home/vic/Projects/Simple-8bit-CPU-Verilog/ROMemory.v Line: 8
Warning (10030): Net "memory.we_a" at ROMemory.v(8) has no driver or initial value, using a default initial value '0' File: /home/vic/Projects/Simple-8bit-CPU-Verilog/ROMemory.v Line: 8
Info (12128): Elaborating entity "RAMemory" for hierarchy "RAMemory:ram" File: /home/vic/Projects/Simple-8bit-CPU-Verilog/DE10_LITE_Golden_Top.v Line: 216
Info (12128): Elaborating entity "ALU" for hierarchy "ALU:alu" File: /home/vic/Projects/Simple-8bit-CPU-Verilog/DE10_LITE_Golden_Top.v Line: 218
Info (12128): Elaborating entity "Multiplexor" for hierarchy "Multiplexor:muxA" File: /home/vic/Projects/Simple-8bit-CPU-Verilog/DE10_LITE_Golden_Top.v Line: 220
Info (12128): Elaborating entity "Demultiplexor" for hierarchy "Demultiplexor:Demux" File: /home/vic/Projects/Simple-8bit-CPU-Verilog/DE10_LITE_Golden_Top.v Line: 223
Critical Warning (127005): Memory depth (32) in the design file differs from memory depth (17) in the Memory Initialization File "/home/vic/Projects/Simple-8bit-CPU-Verilog/db/Simple-8bit-CPU-Verilog.ram0_ROMemory_ac2d6a40.hdl.mif" -- setting initial value for remaining addresses to 0
Warning (127007): Memory Initialization File or Hexadecimal (Intel-Format) File "/home/vic/Projects/Simple-8bit-CPU-Verilog/db/Simple-8bit-CPU-Verilog.ram0_ROMemory_ac2d6a40.hdl.mif" contains "don't care" values -- overwriting them with 0s
Info (276014): Found 2 instances of uninferred RAM logic
    Info (276013): RAM logic "ROMemory:rom|memory" is uninferred because MIF is not supported for the selected family File: /home/vic/Projects/Simple-8bit-CPU-Verilog/ROMemory.v Line: 8
    Info (276007): RAM logic "RAMemory:ram|register" is uninferred due to asynchronous read logic File: /home/vic/Projects/Simple-8bit-CPU-Verilog/RAMemory.v Line: 8
Warning (127007): Memory Initialization File or Hexadecimal (Intel-Format) File "/home/vic/Projects/Simple-8bit-CPU-Verilog/db/Simple-8bit-CPU-Verilog.ram0_ROMemory_ac2d6a40.hdl.mif" contains "don't care" values -- overwriting them with 0s
Warning (12241): 6 hierarchies have connectivity warnings - see the Connectivity Checks report folder
Warning (13039): The following bidirectional pins have no drivers
    Warning (13040): bidirectional pin "GPIO[0]" has no driver File: /home/vic/Projects/Simple-8bit-CPU-Verilog/DE10_LITE_Golden_Top.v Line: 122
    Warning (13040): bidirectional pin "GPIO[1]" has no driver File: /home/vic/Projects/Simple-8bit-CPU-Verilog/DE10_LITE_Golden_Top.v Line: 122
    Warning (13040): bidirectional pin "GPIO[2]" has no driver File: /home/vic/Projects/Simple-8bit-CPU-Verilog/DE10_LITE_Golden_Top.v Line: 122
    Warning (13040): bidirectional pin "GPIO[3]" has no driver File: /home/vic/Projects/Simple-8bit-CPU-Verilog/DE10_LITE_Golden_Top.v Line: 122
    Warning (13040): bidirectional pin "GPIO[4]" has no driver File: /home/vic/Projects/Simple-8bit-CPU-Verilog/DE10_LITE_Golden_Top.v Line: 122
    Warning (13040): bidirectional pin "GPIO[5]" has no driver File: /home/vic/Projects/Simple-8bit-CPU-Verilog/DE10_LITE_Golden_Top.v Line: 122
    Warning (13040): bidirectional pin "GPIO[6]" has no driver File: /home/vic/Projects/Simple-8bit-CPU-Verilog/DE10_LITE_Golden_Top.v Line: 122
    Warning (13040): bidirectional pin "GPIO[7]" has no driver File: /home/vic/Projects/Simple-8bit-CPU-Verilog/DE10_LITE_Golden_Top.v Line: 122
    Warning (13040): bidirectional pin "GPIO[8]" has no driver File: /home/vic/Projects/Simple-8bit-CPU-Verilog/DE10_LITE_Golden_Top.v Line: 122
    Warning (13040): bidirectional pin "GPIO[9]" has no driver File: /home/vic/Projects/Simple-8bit-CPU-Verilog/DE10_LITE_Golden_Top.v Line: 122
    Warning (13040): bidirectional pin "GPIO[10]" has no driver File: /home/vic/Projects/Simple-8bit-CPU-Verilog/DE10_LITE_Golden_Top.v Line: 122
    Warning (13040): bidirectional pin "GPIO[11]" has no driver File: /home/vic/Projects/Simple-8bit-CPU-Verilog/DE10_LITE_Golden_Top.v Line: 122
    Warning (13040): bidirectional pin "GPIO[12]" has no driver File: /home/vic/Projects/Simple-8bit-CPU-Verilog/DE10_LITE_Golden_Top.v Line: 122
    Warning (13040): bidirectional pin "GPIO[13]" has no driver File: /home/vic/Projects/Simple-8bit-CPU-Verilog/DE10_LITE_Golden_Top.v Line: 122
    Warning (13040): bidirectional pin "GPIO[14]" has no driver File: /home/vic/Projects/Simple-8bit-CPU-Verilog/DE10_LITE_Golden_Top.v Line: 122
    Warning (13040): bidirectional pin "GPIO[15]" has no driver File: /home/vic/Projects/Simple-8bit-CPU-Verilog/DE10_LITE_Golden_Top.v Line: 122
    Warning (13040): bidirectional pin "GPIO[16]" has no driver File: /home/vic/Projects/Simple-8bit-CPU-Verilog/DE10_LITE_Golden_Top.v Line: 122
    Warning (13040): bidirectional pin "GPIO[17]" has no driver File: /home/vic/Projects/Simple-8bit-CPU-Verilog/DE10_LITE_Golden_Top.v Line: 122
    Warning (13040): bidirectional pin "GPIO[18]" has no driver File: /home/vic/Projects/Simple-8bit-CPU-Verilog/DE10_LITE_Golden_Top.v Line: 122
    Warning (13040): bidirectional pin "GPIO[19]" has no driver File: /home/vic/Projects/Simple-8bit-CPU-Verilog/DE10_LITE_Golden_Top.v Line: 122
    Warning (13040): bidirectional pin "GPIO[20]" has no driver File: /home/vic/Projects/Simple-8bit-CPU-Verilog/DE10_LITE_Golden_Top.v Line: 122
    Warning (13040): bidirectional pin "GPIO[21]" has no driver File: /home/vic/Projects/Simple-8bit-CPU-Verilog/DE10_LITE_Golden_Top.v Line: 122
    Warning (13040): bidirectional pin "GPIO[22]" has no driver File: /home/vic/Projects/Simple-8bit-CPU-Verilog/DE10_LITE_Golden_Top.v Line: 122
    Warning (13040): bidirectional pin "GPIO[23]" has no driver File: /home/vic/Projects/Simple-8bit-CPU-Verilog/DE10_LITE_Golden_Top.v Line: 122
    Warning (13040): bidirectional pin "GPIO[24]" has no driver File: /home/vic/Projects/Simple-8bit-CPU-Verilog/DE10_LITE_Golden_Top.v Line: 122
    Warning (13040): bidirectional pin "GPIO[25]" has no driver File: /home/vic/Projects/Simple-8bit-CPU-Verilog/DE10_LITE_Golden_Top.v Line: 122
    Warning (13040): bidirectional pin "GPIO[26]" has no driver File: /home/vic/Projects/Simple-8bit-CPU-Verilog/DE10_LITE_Golden_Top.v Line: 122
    Warning (13040): bidirectional pin "GPIO[27]" has no driver File: /home/vic/Projects/Simple-8bit-CPU-Verilog/DE10_LITE_Golden_Top.v Line: 122
    Warning (13040): bidirectional pin "GPIO[28]" has no driver File: /home/vic/Projects/Simple-8bit-CPU-Verilog/DE10_LITE_Golden_Top.v Line: 122
    Warning (13040): bidirectional pin "GPIO[29]" has no driver File: /home/vic/Projects/Simple-8bit-CPU-Verilog/DE10_LITE_Golden_Top.v Line: 122
    Warning (13040): bidirectional pin "GPIO[30]" has no driver File: /home/vic/Projects/Simple-8bit-CPU-Verilog/DE10_LITE_Golden_Top.v Line: 122
    Warning (13040): bidirectional pin "GPIO[31]" has no driver File: /home/vic/Projects/Simple-8bit-CPU-Verilog/DE10_LITE_Golden_Top.v Line: 122
    Warning (13040): bidirectional pin "GPIO[32]" has no driver File: /home/vic/Projects/Simple-8bit-CPU-Verilog/DE10_LITE_Golden_Top.v Line: 122
    Warning (13040): bidirectional pin "GPIO[33]" has no driver File: /home/vic/Projects/Simple-8bit-CPU-Verilog/DE10_LITE_Golden_Top.v Line: 122
    Warning (13040): bidirectional pin "GPIO[34]" has no driver File: /home/vic/Projects/Simple-8bit-CPU-Verilog/DE10_LITE_Golden_Top.v Line: 122
    Warning (13040): bidirectional pin "GPIO[35]" has no driver File: /home/vic/Projects/Simple-8bit-CPU-Verilog/DE10_LITE_Golden_Top.v Line: 122
Warning (13024): Output pins are stuck at VCC or GND
    Warning (13410): Pin "HEX1[0]" is stuck at GND File: /home/vic/Projects/Simple-8bit-CPU-Verilog/DE10_LITE_Golden_Top.v Line: 64
    Warning (13410): Pin "LEDR[0]" is stuck at GND File: /home/vic/Projects/Simple-8bit-CPU-Verilog/DE10_LITE_Golden_Top.v Line: 86
    Warning (13410): Pin "LEDR[1]" is stuck at GND File: /home/vic/Projects/Simple-8bit-CPU-Verilog/DE10_LITE_Golden_Top.v Line: 86
    Warning (13410): Pin "LEDR[7]" is stuck at GND File: /home/vic/Projects/Simple-8bit-CPU-Verilog/DE10_LITE_Golden_Top.v Line: 86
Info (286030): Timing-Driven Synthesis is running
Info (17049): 9 registers lost all their fanouts during netlist optimizations.
Info (144001): Generated suppressed messages file /home/vic/Projects/Simple-8bit-CPU-Verilog/output_files/Simple-8bit-CPU-Verilog.map.smsg
Info (16010): Generating hard_block partition "hard_block:auto_generated_inst"
    Info (16011): Adding 0 node(s), including 0 DDIO, 0 PLL, 0 transceiver and 0 LCELL
Warning (21074): Design contains 3 input pin(s) that do not drive logic
    Warning (15610): No output dependent on input pin "MAX10_CLK1_50" File: /home/vic/Projects/Simple-8bit-CPU-Verilog/DE10_LITE_Golden_Top.v Line: 37
    Warning (15610): No output dependent on input pin "KEY[1]" File: /home/vic/Projects/Simple-8bit-CPU-Verilog/DE10_LITE_Golden_Top.v Line: 81
    Warning (15610): No output dependent on input pin "SW[8]" File: /home/vic/Projects/Simple-8bit-CPU-Verilog/DE10_LITE_Golden_Top.v Line: 91
Info (21057): Implemented 3932 device resources after synthesis - the final resource count might be different
    Info (21058): Implemented 14 input pins
    Info (21059): Implemented 58 output pins
    Info (21060): Implemented 36 bidirectional pins
    Info (21061): Implemented 3824 logic cells
Info: Quartus Prime Analysis & Synthesis was successful. 0 errors, 59 warnings
    Info: Peak virtual memory: 509 megabytes
    Info: Processing ended: Tue Feb  2 21:12:48 2021
    Info: Elapsed time: 00:00:06
    Info: Total CPU time (on all processors): 00:00:15


+------------------------------------------+
; Analysis & Synthesis Suppressed Messages ;
+------------------------------------------+
The suppressed messages can be found in /home/vic/Projects/Simple-8bit-CPU-Verilog/output_files/Simple-8bit-CPU-Verilog.map.smsg.


