------------------------------------------------------------
Timing Analyzer Summary
------------------------------------------------------------

Type  : Slow 1200mV 85C Model Setup 'Prescaler:pres|count[0]'
Slack : -6.559
TNS   : -9286.662

Type  : Slow 1200mV 85C Model Setup 'KEY[0]'
Slack : -1.135
TNS   : -7.216

Type  : Slow 1200mV 85C Model Setup 'ADC_CLK_10'
Slack : -0.726
TNS   : -0.726

Type  : Slow 1200mV 85C Model Hold 'Prescaler:pres|count[0]'
Slack : 0.442
TNS   : 0.000

Type  : Slow 1200mV 85C Model Hold 'KEY[0]'
Slack : 0.456
TNS   : 0.000

Type  : Slow 1200mV 85C Model Hold 'ADC_CLK_10'
Slack : 0.557
TNS   : 0.000

Type  : Slow 1200mV 85C Model Minimum Pulse Width 'KEY[0]'
Slack : -3.000
TNS   : -14.224

Type  : Slow 1200mV 85C Model Minimum Pulse Width 'ADC_CLK_10'
Slack : -3.000
TNS   : -4.403

Type  : Slow 1200mV 85C Model Minimum Pulse Width 'Prescaler:pres|count[0]'
Slack : -1.403
TNS   : -2972.957

Type  : Slow 1200mV 0C Model Setup 'Prescaler:pres|count[0]'
Slack : -6.035
TNS   : -8427.955

Type  : Slow 1200mV 0C Model Setup 'KEY[0]'
Slack : -0.935
TNS   : -5.714

Type  : Slow 1200mV 0C Model Setup 'ADC_CLK_10'
Slack : -0.620
TNS   : -0.620

Type  : Slow 1200mV 0C Model Hold 'KEY[0]'
Slack : 0.337
TNS   : 0.000

Type  : Slow 1200mV 0C Model Hold 'Prescaler:pres|count[0]'
Slack : 0.411
TNS   : 0.000

Type  : Slow 1200mV 0C Model Hold 'ADC_CLK_10'
Slack : 0.489
TNS   : 0.000

Type  : Slow 1200mV 0C Model Minimum Pulse Width 'KEY[0]'
Slack : -3.000
TNS   : -14.224

Type  : Slow 1200mV 0C Model Minimum Pulse Width 'ADC_CLK_10'
Slack : -3.000
TNS   : -4.403

Type  : Slow 1200mV 0C Model Minimum Pulse Width 'Prescaler:pres|count[0]'
Slack : -1.403
TNS   : -2972.957

Type  : Fast 1200mV 0C Model Setup 'Prescaler:pres|count[0]'
Slack : -2.390
TNS   : -3229.938

Type  : Fast 1200mV 0C Model Setup 'ADC_CLK_10'
Slack : -0.062
TNS   : -0.062

Type  : Fast 1200mV 0C Model Setup 'KEY[0]'
Slack : 0.109
TNS   : 0.000

Type  : Fast 1200mV 0C Model Hold 'Prescaler:pres|count[0]'
Slack : 0.168
TNS   : 0.000

Type  : Fast 1200mV 0C Model Hold 'KEY[0]'
Slack : 0.184
TNS   : 0.000

Type  : Fast 1200mV 0C Model Hold 'ADC_CLK_10'
Slack : 0.240
TNS   : 0.000

Type  : Fast 1200mV 0C Model Minimum Pulse Width 'KEY[0]'
Slack : -3.000
TNS   : -13.936

Type  : Fast 1200mV 0C Model Minimum Pulse Width 'ADC_CLK_10'
Slack : -3.000
TNS   : -4.146

Type  : Fast 1200mV 0C Model Minimum Pulse Width 'Prescaler:pres|count[0]'
Slack : -1.000
TNS   : -2119.000

------------------------------------------------------------
